
		#####  BEGIN RETIMING REPORT  #####

Retiming summary : 516 registers retimed to 871

Original and Pipelined registers replaced by retiming :
		bp_lmr_fir_inst.product[18]
		bp_lmr_fir_inst.product[19]
		bp_lmr_fir_inst.product[20]
		bp_lmr_fir_inst.product[21]
		bp_lmr_fir_inst.product[22]
		bp_lmr_fir_inst.product[23]
		bp_lmr_fir_inst.product[24]
		bp_lmr_fir_inst.product[25]
		bp_lmr_fir_inst.product[26]
		bp_lmr_fir_inst.product[27]
		bp_lmr_fir_inst.product[28]
		bp_lmr_fir_inst.product[29]
		bp_lmr_fir_inst.product[30]
		bp_lmr_fir_inst.product[31]
		bp_pilot_fir_inst.product[18]
		bp_pilot_fir_inst.product[19]
		bp_pilot_fir_inst.product[20]
		bp_pilot_fir_inst.product[21]
		bp_pilot_fir_inst.product[22]
		bp_pilot_fir_inst.product[23]
		bp_pilot_fir_inst.product[24]
		bp_pilot_fir_inst.product[25]
		bp_pilot_fir_inst.product[26]
		bp_pilot_fir_inst.product[27]
		bp_pilot_fir_inst.product[28]
		bp_pilot_fir_inst.product[29]
		bp_pilot_fir_inst.product[30]
		bp_pilot_fir_inst.product[31]
		demodulate_inst.qarctan_inst.divider_inst.a[16]
		demodulate_inst.qarctan_inst.divider_inst.a[17]
		demodulate_inst.qarctan_inst.divider_inst.a[18]
		demodulate_inst.qarctan_inst.divider_inst.a[19]
		demodulate_inst.qarctan_inst.divider_inst.a[20]
		demodulate_inst.qarctan_inst.divider_inst.a[21]
		demodulate_inst.qarctan_inst.divider_inst.a[22]
		demodulate_inst.qarctan_inst.divider_inst.a[23]
		demodulate_inst.qarctan_inst.divider_inst.a[24]
		demodulate_inst.qarctan_inst.divider_inst.a[25]
		demodulate_inst.qarctan_inst.divider_inst.a[26]
		demodulate_inst.qarctan_inst.divider_inst.a[27]
		demodulate_inst.qarctan_inst.divider_inst.a[28]
		demodulate_inst.qarctan_inst.divider_inst.a[29]
		demodulate_inst.qarctan_inst.divider_inst.a[30]
		demodulate_inst.qarctan_inst.divider_inst.a[31]
		fir_cmplx_inst.real_product[18]
		fir_cmplx_inst.real_product[19]
		fir_cmplx_inst.real_product[20]
		fir_cmplx_inst.real_product[21]
		fir_cmplx_inst.real_product[22]
		fir_cmplx_inst.real_product[23]
		fir_cmplx_inst.real_product[24]
		fir_cmplx_inst.real_product[25]
		fir_cmplx_inst.real_product[26]
		fir_cmplx_inst.real_product[27]
		fir_cmplx_inst.real_product[28]
		fir_cmplx_inst.real_product[29]
		fir_cmplx_inst.real_product[30]
		fir_cmplx_inst.real_product[31]
		fir_cmplx_inst.realimag_product[18]
		fir_cmplx_inst.realimag_product[19]
		fir_cmplx_inst.realimag_product[20]
		fir_cmplx_inst.realimag_product[21]
		fir_cmplx_inst.realimag_product[22]
		fir_cmplx_inst.realimag_product[23]
		fir_cmplx_inst.realimag_product[24]
		fir_cmplx_inst.realimag_product[25]
		fir_cmplx_inst.realimag_product[26]
		fir_cmplx_inst.realimag_product[27]
		fir_cmplx_inst.realimag_product[28]
		fir_cmplx_inst.realimag_product[29]
		fir_cmplx_inst.realimag_product[30]
		fir_cmplx_inst.realimag_product[31]
		hp_pilot_fir_inst.product[18]
		hp_pilot_fir_inst.product[19]
		hp_pilot_fir_inst.product[20]
		hp_pilot_fir_inst.product[21]
		hp_pilot_fir_inst.product[22]
		hp_pilot_fir_inst.product[23]
		hp_pilot_fir_inst.product[24]
		hp_pilot_fir_inst.product[25]
		hp_pilot_fir_inst.product[26]
		hp_pilot_fir_inst.product[27]
		hp_pilot_fir_inst.product[28]
		hp_pilot_fir_inst.product[29]
		hp_pilot_fir_inst.product[30]
		hp_pilot_fir_inst.product[31]
		left_deemph_fifo_inst.wr_addr_0[0]
		left_deemph_fifo_inst.wr_addr_0[1]
		left_deemph_fifo_inst.wr_addr_0[2]
		left_deemph_fifo_inst.wr_addr_0[3]
		left_deemph_fifo_inst.wr_addr_0[4]
		left_deemph_fifo_inst.wr_addr_0[5]
		left_deemph_fifo_inst.wr_addr_0[6]
		left_deemph_fifo_inst.wr_addr_0[7]
		left_gain_fifo_inst.wr_addr_0[0]
		left_gain_fifo_inst.wr_addr_0[1]
		left_gain_fifo_inst.wr_addr_0[2]
		left_gain_fifo_inst.wr_addr_0[3]
		left_gain_fifo_inst.wr_addr_0[4]
		left_gain_fifo_inst.wr_addr_0[5]
		left_gain_fifo_inst.wr_addr_0[6]
		left_gain_fifo_inst.wr_addr_0[7]
		lmr_fifo_inst.wr_addr_0[0]
		lmr_fifo_inst.wr_addr_0[1]
		lmr_fifo_inst.wr_addr_0[2]
		lmr_fifo_inst.wr_addr_0[3]
		lmr_fifo_inst.wr_addr_0[4]
		lmr_fifo_inst.wr_addr_0[5]
		lmr_fifo_inst.wr_addr_0[6]
		lmr_fifo_inst.wr_addr_0[7]
		lmr_fir_inst.product[18]
		lmr_fir_inst.product[19]
		lmr_fir_inst.product[20]
		lmr_fir_inst.product[21]
		lmr_fir_inst.product[22]
		lmr_fir_inst.product[23]
		lmr_fir_inst.product[24]
		lmr_fir_inst.product[25]
		lmr_fir_inst.product[26]
		lmr_fir_inst.product[27]
		lmr_fir_inst.product[28]
		lmr_fir_inst.product[29]
		lmr_fir_inst.product[30]
		lmr_fir_inst.product[31]
		lpr_fifo_inst.wr_addr_0[0]
		lpr_fifo_inst.wr_addr_0[1]
		lpr_fifo_inst.wr_addr_0[2]
		lpr_fifo_inst.wr_addr_0[3]
		lpr_fifo_inst.wr_addr_0[4]
		lpr_fifo_inst.wr_addr_0[5]
		lpr_fifo_inst.wr_addr_0[6]
		lpr_fifo_inst.wr_addr_0[7]
		lpr_fir_inst.product[18]
		lpr_fir_inst.product[19]
		lpr_fir_inst.product[20]
		lpr_fir_inst.product[21]
		lpr_fir_inst.product[22]
		lpr_fir_inst.product[23]
		lpr_fir_inst.product[24]
		lpr_fir_inst.product[25]
		lpr_fir_inst.product[26]
		lpr_fir_inst.product[27]
		lpr_fir_inst.product[28]
		lpr_fir_inst.product[29]
		lpr_fir_inst.product[30]
		lpr_fir_inst.product[31]
		mult_demod_lmr_inst.calc[18]
		mult_demod_lmr_inst.calc[19]
		mult_demod_lmr_inst.calc[20]
		mult_demod_lmr_inst.calc[21]
		mult_demod_lmr_inst.calc[22]
		mult_demod_lmr_inst.calc[23]
		mult_demod_lmr_inst.calc[24]
		mult_demod_lmr_inst.calc[25]
		mult_demod_lmr_inst.calc[26]
		mult_demod_lmr_inst.calc[27]
		mult_demod_lmr_inst.calc[28]
		mult_demod_lmr_inst.calc[29]
		mult_demod_lmr_inst.calc[30]
		mult_demod_lmr_inst.calc[31]
		right_deemph_fifo_inst.wr_addr_0[0]
		right_deemph_fifo_inst.wr_addr_0[1]
		right_deemph_fifo_inst.wr_addr_0[2]
		right_deemph_fifo_inst.wr_addr_0[3]
		right_deemph_fifo_inst.wr_addr_0[4]
		right_deemph_fifo_inst.wr_addr_0[5]
		right_deemph_fifo_inst.wr_addr_0[6]
		right_deemph_fifo_inst.wr_addr_0[7]
		right_fifo_inst.wr_addr_0[0]
		right_fifo_inst.wr_addr_0[1]
		right_fifo_inst.wr_addr_0[2]
		right_fifo_inst.wr_addr_0[3]
		right_fifo_inst.wr_addr_0[4]
		right_fifo_inst.wr_addr_0[5]
		right_fifo_inst.wr_addr_0[6]
		right_fifo_inst.wr_addr_0[7]
		right_gain_fifo_inst.wr_addr_0[0]
		right_gain_fifo_inst.wr_addr_0[1]
		right_gain_fifo_inst.wr_addr_0[2]
		right_gain_fifo_inst.wr_addr_0[3]
		right_gain_fifo_inst.wr_addr_0[4]
		right_gain_fifo_inst.wr_addr_0[5]
		right_gain_fifo_inst.wr_addr_0[6]
		right_gain_fifo_inst.wr_addr_0[7]

New registers created by retiming :
		bp_lmr_fifo_inst.state_ret_0
		bp_lmr_fifo_inst.state_ret_2
		bp_lmr_fir_inst.product_ret_1
		bp_lmr_fir_inst.product_ret_2
		bp_lmr_fir_inst.product_ret_3
		bp_lmr_fir_inst.product_ret_6
		bp_lmr_fir_inst.product_ret_9
		bp_lmr_fir_inst.product_ret_12
		bp_lmr_fir_inst.product_ret_15
		bp_lmr_fir_inst.product_ret_18
		bp_lmr_fir_inst.product_ret_21
		bp_lmr_fir_inst.product_ret_24
		bp_lmr_fir_inst.product_ret_27
		bp_lmr_fir_inst.product_ret_30
		bp_lmr_fir_inst.product_ret_33
		bp_lmr_fir_inst.product_ret_36
		bp_lmr_fir_inst.product_ret_38
		bp_lmr_fir_inst.product_ret_40
		bp_lmr_fir_inst.product_ret_41
		bp_lmr_fir_inst.product_ret_43
		bp_lmr_fir_inst.product_ret_44
		bp_lmr_fir_inst.product_ret_46
		bp_lmr_fir_inst.product_ret_47
		bp_lmr_fir_inst.product_ret_49
		bp_lmr_fir_inst.product_ret_50
		bp_lmr_fir_inst.product_ret_52
		bp_lmr_fir_inst.product_ret_53
		bp_lmr_fir_inst.product_ret_55
		bp_lmr_fir_inst.product_ret_56
		bp_lmr_fir_inst.product_ret_58
		bp_lmr_fir_inst.product_ret_59
		bp_lmr_fir_inst.product_ret_61
		bp_lmr_fir_inst.product_ret_62
		bp_lmr_fir_inst.product_ret_64
		bp_lmr_fir_inst.product_ret_65
		bp_lmr_fir_inst.product_ret_67
		bp_lmr_fir_inst.product_ret_68
		bp_lmr_fir_inst.product_ret_70
		bp_lmr_fir_inst.product_ret_71
		bp_lmr_fir_inst.product_ret_73
		bp_lmr_fir_inst.product_ret_74
		bp_lmr_fir_inst.product_ret_76
		bp_lmr_fir_inst.product_ret_77
		bp_lmr_fir_inst.product_ret_79
		bp_pilot_fir_inst.product_ret_1
		bp_pilot_fir_inst.product_ret_2
		bp_pilot_fir_inst.product_ret_3
		bp_pilot_fir_inst.product_ret_6
		bp_pilot_fir_inst.product_ret_9
		bp_pilot_fir_inst.product_ret_12
		bp_pilot_fir_inst.product_ret_15
		bp_pilot_fir_inst.product_ret_18
		bp_pilot_fir_inst.product_ret_21
		bp_pilot_fir_inst.product_ret_24
		bp_pilot_fir_inst.product_ret_27
		bp_pilot_fir_inst.product_ret_30
		bp_pilot_fir_inst.product_ret_33
		bp_pilot_fir_inst.product_ret_36
		bp_pilot_fir_inst.product_ret_38
		bp_pilot_fir_inst.product_ret_40
		bp_pilot_fir_inst.product_ret_41
		bp_pilot_fir_inst.product_ret_43
		bp_pilot_fir_inst.product_ret_44
		bp_pilot_fir_inst.product_ret_46
		bp_pilot_fir_inst.product_ret_47
		bp_pilot_fir_inst.product_ret_49
		bp_pilot_fir_inst.product_ret_50
		bp_pilot_fir_inst.product_ret_52
		bp_pilot_fir_inst.product_ret_53
		bp_pilot_fir_inst.product_ret_55
		bp_pilot_fir_inst.product_ret_56
		bp_pilot_fir_inst.product_ret_58
		bp_pilot_fir_inst.product_ret_59
		bp_pilot_fir_inst.product_ret_61
		bp_pilot_fir_inst.product_ret_62
		bp_pilot_fir_inst.product_ret_64
		bp_pilot_fir_inst.product_ret_65
		bp_pilot_fir_inst.product_ret_67
		bp_pilot_fir_inst.product_ret_68
		bp_pilot_fir_inst.product_ret_70
		bp_pilot_fir_inst.product_ret_71
		bp_pilot_fir_inst.product_ret_73
		bp_pilot_fir_inst.product_ret_74
		bp_pilot_fir_inst.product_ret_76
		bp_pilot_fir_inst.product_ret_77
		bp_pilot_fir_inst.product_ret_79
		demodulate_inst.demod_temp_ret_0
		demodulate_inst.demod_temp_ret_1
		demodulate_inst.demod_temp_ret_2
		demodulate_inst.demod_temp_ret_3
		demodulate_inst.empty_ret
		demodulate_inst.imag_prev_ret_2
		demodulate_inst.qarctan_inst.divider_inst.a_ret_0
		demodulate_inst.qarctan_inst.divider_inst.a_ret_1
		demodulate_inst.qarctan_inst.divider_inst.a_ret_2
		demodulate_inst.qarctan_inst.divider_inst.a_ret_3
		demodulate_inst.qarctan_inst.divider_inst.a_ret_4
		demodulate_inst.qarctan_inst.divider_inst.a_ret_5
		demodulate_inst.qarctan_inst.divider_inst.a_ret_6
		demodulate_inst.qarctan_inst.divider_inst.a_ret_7
		demodulate_inst.qarctan_inst.divider_inst.a_ret_8
		demodulate_inst.qarctan_inst.divider_inst.a_ret_9
		demodulate_inst.qarctan_inst.divider_inst.a_ret_10
		demodulate_inst.qarctan_inst.divider_inst.a_ret_11
		demodulate_inst.qarctan_inst.divider_inst.a_ret_12
		demodulate_inst.qarctan_inst.divider_inst.a_ret_13
		demodulate_inst.qarctan_inst.divider_inst.a_ret_14
		demodulate_inst.qarctan_inst.divider_inst.a_ret_15
		demodulate_inst.qarctan_inst.divider_inst.a_ret_17
		demodulate_inst.qarctan_inst.divider_inst.a_ret_18
		demodulate_inst.state_0_ret
		fir_cmplx_inst.real_product_ret
		fir_cmplx_inst.real_product_ret_0
		fir_cmplx_inst.real_product_ret_1
		fir_cmplx_inst.real_product_ret_2
		fir_cmplx_inst.real_product_ret_3
		fir_cmplx_inst.real_product_ret_5
		fir_cmplx_inst.real_product_ret_7
		fir_cmplx_inst.real_product_ret_9
		fir_cmplx_inst.real_product_ret_11
		fir_cmplx_inst.real_product_ret_12
		fir_cmplx_inst.real_product_ret_14
		fir_cmplx_inst.real_product_ret_15
		fir_cmplx_inst.real_product_ret_17
		fir_cmplx_inst.real_product_ret_18
		fir_cmplx_inst.real_product_ret_20
		fir_cmplx_inst.real_product_ret_21
		fir_cmplx_inst.real_product_ret_23
		fir_cmplx_inst.real_product_ret_24
		fir_cmplx_inst.real_product_ret_26
		fir_cmplx_inst.real_product_ret_27
		fir_cmplx_inst.real_product_ret_29
		fir_cmplx_inst.real_product_ret_30
		fir_cmplx_inst.real_product_ret_32
		fir_cmplx_inst.real_product_ret_33
		fir_cmplx_inst.real_product_ret_35
		fir_cmplx_inst.realimag_product_ret
		fir_cmplx_inst.realimag_product_ret_0
		fir_cmplx_inst.realimag_product_ret_1
		fir_cmplx_inst.realimag_product_ret_2
		fir_cmplx_inst.realimag_product_ret_3
		fir_cmplx_inst.realimag_product_ret_5
		fir_cmplx_inst.realimag_product_ret_7
		fir_cmplx_inst.realimag_product_ret_9
		fir_cmplx_inst.realimag_product_ret_11
		fir_cmplx_inst.realimag_product_ret_12
		fir_cmplx_inst.realimag_product_ret_14
		fir_cmplx_inst.realimag_product_ret_15
		fir_cmplx_inst.realimag_product_ret_17
		fir_cmplx_inst.realimag_product_ret_18
		fir_cmplx_inst.realimag_product_ret_20
		fir_cmplx_inst.realimag_product_ret_21
		fir_cmplx_inst.realimag_product_ret_23
		fir_cmplx_inst.realimag_product_ret_24
		fir_cmplx_inst.realimag_product_ret_26
		fir_cmplx_inst.realimag_product_ret_27
		fir_cmplx_inst.realimag_product_ret_29
		fir_cmplx_inst.realimag_product_ret_30
		fir_cmplx_inst.realimag_product_ret_32
		fir_cmplx_inst.realimag_product_ret_33
		fir_cmplx_inst.realimag_product_ret_35
		hp_pilot_fir_inst.product_ret_1
		hp_pilot_fir_inst.product_ret_2
		hp_pilot_fir_inst.product_ret_3
		hp_pilot_fir_inst.product_ret_6
		hp_pilot_fir_inst.product_ret_9
		hp_pilot_fir_inst.product_ret_12
		hp_pilot_fir_inst.product_ret_15
		hp_pilot_fir_inst.product_ret_18
		hp_pilot_fir_inst.product_ret_21
		hp_pilot_fir_inst.product_ret_24
		hp_pilot_fir_inst.product_ret_27
		hp_pilot_fir_inst.product_ret_30
		hp_pilot_fir_inst.product_ret_33
		hp_pilot_fir_inst.product_ret_36
		hp_pilot_fir_inst.product_ret_38
		hp_pilot_fir_inst.product_ret_40
		hp_pilot_fir_inst.product_ret_41
		hp_pilot_fir_inst.product_ret_43
		hp_pilot_fir_inst.product_ret_44
		hp_pilot_fir_inst.product_ret_46
		hp_pilot_fir_inst.product_ret_47
		hp_pilot_fir_inst.product_ret_49
		hp_pilot_fir_inst.product_ret_50
		hp_pilot_fir_inst.product_ret_52
		hp_pilot_fir_inst.product_ret_53
		hp_pilot_fir_inst.product_ret_55
		hp_pilot_fir_inst.product_ret_56
		hp_pilot_fir_inst.product_ret_58
		hp_pilot_fir_inst.product_ret_59
		hp_pilot_fir_inst.product_ret_61
		hp_pilot_fir_inst.product_ret_62
		hp_pilot_fir_inst.product_ret_64
		hp_pilot_fir_inst.product_ret_65
		hp_pilot_fir_inst.product_ret_67
		hp_pilot_fir_inst.product_ret_68
		hp_pilot_fir_inst.product_ret_70
		hp_pilot_fir_inst.product_ret_71
		hp_pilot_fir_inst.product_ret_73
		hp_pilot_fir_inst.product_ret_74
		hp_pilot_fir_inst.product_ret_76
		hp_pilot_fir_inst.product_ret_77
		hp_pilot_fir_inst.product_ret_79
		imag_fifo_inst.rd_addr_ret_1
		imag_fifo_inst.rd_addr_ret_2
		imag_fifo_inst.rd_addr_ret_3
		lmr_fir_inst.product_ret_1
		lmr_fir_inst.product_ret_2
		lmr_fir_inst.product_ret_3
		lmr_fir_inst.product_ret_6
		lmr_fir_inst.product_ret_9
		lmr_fir_inst.product_ret_12
		lmr_fir_inst.product_ret_15
		lmr_fir_inst.product_ret_18
		lmr_fir_inst.product_ret_21
		lmr_fir_inst.product_ret_24
		lmr_fir_inst.product_ret_27
		lmr_fir_inst.product_ret_30
		lmr_fir_inst.product_ret_33
		lmr_fir_inst.product_ret_36
		lmr_fir_inst.product_ret_38
		lmr_fir_inst.product_ret_40
		lmr_fir_inst.product_ret_41
		lmr_fir_inst.product_ret_43
		lmr_fir_inst.product_ret_44
		lmr_fir_inst.product_ret_46
		lmr_fir_inst.product_ret_47
		lmr_fir_inst.product_ret_49
		lmr_fir_inst.product_ret_50
		lmr_fir_inst.product_ret_52
		lmr_fir_inst.product_ret_53
		lmr_fir_inst.product_ret_55
		lmr_fir_inst.product_ret_56
		lmr_fir_inst.product_ret_58
		lmr_fir_inst.product_ret_59
		lmr_fir_inst.product_ret_61
		lmr_fir_inst.product_ret_62
		lmr_fir_inst.product_ret_64
		lmr_fir_inst.product_ret_65
		lmr_fir_inst.product_ret_67
		lmr_fir_inst.product_ret_68
		lmr_fir_inst.product_ret_70
		lmr_fir_inst.product_ret_71
		lmr_fir_inst.product_ret_73
		lmr_fir_inst.product_ret_74
		lmr_fir_inst.product_ret_76
		lmr_fir_inst.product_ret_77
		lmr_fir_inst.product_ret_79
		lpr_fir_inst.product_ret_1
		lpr_fir_inst.product_ret_2
		lpr_fir_inst.product_ret_3
		lpr_fir_inst.product_ret_6
		lpr_fir_inst.product_ret_9
		lpr_fir_inst.product_ret_12
		lpr_fir_inst.product_ret_15
		lpr_fir_inst.product_ret_18
		lpr_fir_inst.product_ret_21
		lpr_fir_inst.product_ret_24
		lpr_fir_inst.product_ret_27
		lpr_fir_inst.product_ret_30
		lpr_fir_inst.product_ret_33
		lpr_fir_inst.product_ret_36
		lpr_fir_inst.product_ret_38
		lpr_fir_inst.product_ret_40
		lpr_fir_inst.product_ret_41
		lpr_fir_inst.product_ret_43
		lpr_fir_inst.product_ret_44
		lpr_fir_inst.product_ret_46
		lpr_fir_inst.product_ret_47
		lpr_fir_inst.product_ret_49
		lpr_fir_inst.product_ret_50
		lpr_fir_inst.product_ret_52
		lpr_fir_inst.product_ret_53
		lpr_fir_inst.product_ret_55
		lpr_fir_inst.product_ret_56
		lpr_fir_inst.product_ret_58
		lpr_fir_inst.product_ret_59
		lpr_fir_inst.product_ret_61
		lpr_fir_inst.product_ret_62
		lpr_fir_inst.product_ret_64
		lpr_fir_inst.product_ret_65
		lpr_fir_inst.product_ret_67
		lpr_fir_inst.product_ret_68
		lpr_fir_inst.product_ret_70
		lpr_fir_inst.product_ret_71
		lpr_fir_inst.product_ret_73
		lpr_fir_inst.product_ret_74
		lpr_fir_inst.product_ret_76
		lpr_fir_inst.product_ret_77
		lpr_fir_inst.product_ret_79
		mult_demod_lmr_inst.calc_ret
		mult_demod_lmr_inst.calc_ret_1
		mult_demod_lmr_inst.calc_ret_2
		mult_demod_lmr_inst.calc_ret_3
		mult_demod_lmr_inst.calc_ret_6
		mult_demod_lmr_inst.calc_ret_9
		mult_demod_lmr_inst.calc_ret_12
		mult_demod_lmr_inst.calc_ret_14
		mult_demod_lmr_inst.calc_ret_15
		mult_demod_lmr_inst.calc_ret_17
		mult_demod_lmr_inst.calc_ret_18
		mult_demod_lmr_inst.calc_ret_20
		mult_demod_lmr_inst.calc_ret_21
		mult_demod_lmr_inst.calc_ret_23
		mult_demod_lmr_inst.calc_ret_24
		mult_demod_lmr_inst.calc_ret_26
		mult_demod_lmr_inst.calc_ret_27
		mult_demod_lmr_inst.calc_ret_29
		mult_demod_lmr_inst.calc_ret_30
		mult_demod_lmr_inst.calc_ret_32
		mult_demod_lmr_inst.calc_ret_33
		mult_demod_lmr_inst.calc_ret_35
		mult_demod_lmr_inst.calc_ret_36
		mult_demod_lmr_inst.calc_ret_38
		mult_demod_lmr_inst.calc_ret_40
		mult_demod_lmr_inst.calc_ret_41
		mult_demod_lmr_inst.calc_ret_43
		mult_demod_lmr_inst.calc_ret_44
		mult_demod_lmr_inst.calc_ret_46
		mult_demod_lmr_inst.calc_ret_47
		mult_demod_lmr_inst.calc_ret_49
		mult_demod_lmr_inst.calc_ret_50
		mult_demod_lmr_inst.calc_ret_52
		mult_demod_lmr_inst.calc_ret_53
		mult_demod_lmr_inst.empty_ret
		real_fifo_inst.rd_addr_ret_3
		real_fifo_inst.wr_addr_ret


		#####   END RETIMING REPORT  #####

